src/pages/Config/PriceStrategy.tsx(218,28): error TS18047: 'config' is possibly 'null'.
