Ok to proceed? (y) 
